// Jest Snapshot v1, https://goo.gl/fbAQLP

exports[`Home should matchsnapshot 1`] = `ShallowWrapper {}`;
