// Jest Snapshot v1, https://goo.gl/fbAQLP

exports[`MiniDonut should matchsnapshot 1`] = `ShallowWrapper {}`;

exports[`miniDonut should matchsnapshot 1`] = `ShallowWrapper {}`;
